{
    "testSuiteTimeNs": 136737127,
    "testGroupResults": [
        {
            "testGroupPoints": 10,
            "testGroupReports": [
                {
                    "testCaseReportLabel": "Basic Fib Test 1",
                    "testCaseReportResult": {
                        "tag": "TestCaseResultOk"
                    },
                    "testCaseReportTimeNs": null
                },
                {
                    "testCaseReportLabel": "Basic Fib Test 2",
                    "testCaseReportResult": {
                        "tag": "TestCaseResultOk"
                    },
                    "testCaseReportTimeNs": null
                },
                {
                    "testCaseReportLabel": "Basic Fib Test 3",
                    "testCaseReportResult": {
                        "contents": "stack overflow",
                        "tag": "TestCaseResultException"
                    },
                    "testCaseReportTimeNs": null
                }
            ],
            "testGroupResultProps": {
                "upperBound": 14,
                "label": "Fib tests",
                "pointsPerTest": 5,
                "penalty": 0
            }
        },
        {
            "testGroupPoints": 0,
            "testGroupReports": [
                {
                    "testCaseReportLabel": "Basic Bar Test 1",
                    "testCaseReportResult": {
                        "contents": [
                            "2",
                            "1"
                        ],
                        "tag": "TestCaseResultExpectedButGot"
                    },
                    "testCaseReportTimeNs": null
                }
            ],
            "testGroupResultProps": {
                "upperBound": 5,
                "label": "Bar tests",
                "pointsPerTest": 5,
                "penalty": 0
            }
        }
    ],
    "testSuitePoints": 10
}